2025-05-01 19:47:00 | DEBUG | repo=2017-course-sys-int-osgi-seminar | action=test | passed=true
2025-06-04 08:54:00 | DEBUG | repo=2017-course-sys-int-osgi-seminar | action=pull
2025-03-24 16:14:00 | WARN | repo=2017-course-sys-int-osgi-seminar | action=commit
2025-04-27 17:54:00 | INFO | repo=2017-course-sys-int-osgi-seminar | action=commit
2025-06-09 07:23:00 | DEBUG | repo=2017-course-sys-int-osgi-seminar | action=commit
2025-09-06 07:11:00 | WARN | repo=2017-course-sys-int-osgi-seminar | action=edit | files=1
2025-09-01 20:31:00 | WARN | repo=2017-course-sys-int-osgi-seminar | action=pull
2025-10-11 08:31:00 | DEBUG | repo=2017-course-sys-int-osgi-seminar | action=test | passed=true
2025-02-15 18:14:00 | WARN | repo=2017-course-sys-int-osgi-seminar | action=commit
2025-11-04 14:09:00 | INFO | repo=2017-course-sys-int-osgi-seminar | action=commit
2025-07-11 20:53:00 | DEBUG | repo=2017-course-sys-int-osgi-seminar | action=commit
2025-02-10 13:45:00 | DEBUG | repo=2017-course-sys-int-osgi-seminar | action=commit
2025-04-10 18:55:00 | WARN | repo=2017-course-sys-int-osgi-seminar | action=commit
2025-12-22 18:28:00 | INFO | repo=2017-course-sys-int-osgi-seminar | action=commit
2025-09-05 14:00:00 | DEBUG | repo=2017-course-sys-int-osgi-seminar | action=pull
2025-12-16 10:34:00 | WARN | repo=2017-course-sys-int-osgi-seminar | action=commit
2025-02-06 07:11:00 | DEBUG | repo=2017-course-sys-int-osgi-seminar | action=commit
2025-06-12 12:41:00 | WARN | repo=2017-course-sys-int-osgi-seminar | action=pull
2025-02-28 07:01:00 | INFO | repo=2017-course-sys-int-osgi-seminar | action=test | passed=true
2025-08-08 17:40:00 | DEBUG | repo=2017-course-sys-int-osgi-seminar | action=commit
2025-01-20 19:23:00 | WARN | repo=2017-course-sys-int-osgi-seminar | action=commit
2025-11-08 19:56:00 | INFO | repo=2017-course-sys-int-osgi-seminar | action=commit
2025-03-02 18:01:00 | WARN | repo=2017-course-sys-int-osgi-seminar | action=commit
2025-03-21 08:10:00 | INFO | repo=2017-course-sys-int-osgi-seminar | action=pull
2025-07-21 10:36:00 | INFO | repo=2017-course-sys-int-osgi-seminar | action=commit
2025-05-23 20:25:00 | WARN | repo=2017-course-sys-int-osgi-seminar | action=pull
2025-05-16 08:57:00 | DEBUG | repo=2017-course-sys-int-osgi-seminar | action=commit
2025-07-10 12:07:00 | WARN | repo=2017-course-sys-int-osgi-seminar | action=commit
2025-04-07 16:51:00 | DEBUG | repo=2017-course-sys-int-osgi-seminar | action=commit
2025-12-26 09:55:00 | DEBUG | repo=2017-course-sys-int-osgi-seminar | action=commit
2025-10-27 21:45:00 | INFO | repo=2017-course-sys-int-osgi-seminar | action=commit
